// Jest Snapshot v1, https://goo.gl/fbAQLP

exports[`Storyshots Task Archived 1`] = `
<div
  class="list-item"
>
  <input
    readonly="readonly"
    type="text"
  />
</div>
`;

exports[`Storyshots Task Default 1`] = `
<div
  class="list-item"
>
  <input
    readonly="readonly"
    type="text"
  />
</div>
`;

exports[`Storyshots Task Pinned 1`] = `
<div
  class="list-item"
>
  <input
    readonly="readonly"
    type="text"
  />
</div>
`;
